Archive member included because of file (symbol)

c:/winavr-20100110/bin/../lib/gcc/avr/4.3.3/avr5\libgcc.a(_mulsi3.o)
                              fat32.o (__mulsi3)
c:/winavr-20100110/bin/../lib/gcc/avr/4.3.3/avr5\libgcc.a(_udivmodqi4.o)
                              common/colours.o (__udivmodqi4)
c:/winavr-20100110/bin/../lib/gcc/avr/4.3.3/avr5\libgcc.a(_udivmodhi4.o)
                              tft-cpp/tft.o (__udivmodhi4)
c:/winavr-20100110/bin/../lib/gcc/avr/4.3.3/avr5\libgcc.a(_divmodhi4.o)
                              tft-cpp/tft.o (__divmodhi4)
c:/winavr-20100110/bin/../lib/gcc/avr/4.3.3/avr5\libgcc.a(_udivmodsi4.o)
                              fat32.o (__udivmodsi4)
c:/winavr-20100110/bin/../lib/gcc/avr/4.3.3/avr5\libgcc.a(_exit.o)
                              c:/winavr-20100110/bin/../lib/gcc/avr/4.3.3/../../../../avr/lib/avr5/crtm644p.o (exit)
c:/winavr-20100110/bin/../lib/gcc/avr/4.3.3/avr5\libgcc.a(_copy_data.o)
                              fat32.o (__do_copy_data)
c:/winavr-20100110/bin/../lib/gcc/avr/4.3.3/avr5\libgcc.a(_clear_bss.o)
                              dirent.o (__do_clear_bss)
c:/winavr-20100110/bin/../lib/gcc/avr/4.3.3/avr5\libgcc.a(_ctors.o)
                              main.o (__do_global_ctors)
c:/winavr-20100110/bin/../lib/gcc/avr/4.3.3/avr5\libgcc.a(_tablejump.o)
                              c:/winavr-20100110/bin/../lib/gcc/avr/4.3.3/avr5\libgcc.a(_ctors.o) (__tablejump__)
c:/winavr-20100110/bin/../lib/gcc/avr/4.3.3/../../../../avr/lib/avr5\libc.a(malloc.o)
                              dirent.o (malloc)
c:/winavr-20100110/bin/../lib/gcc/avr/4.3.3/../../../../avr/lib/avr5\libc.a(isprint.o)
                              fat32.o (isprint)
c:/winavr-20100110/bin/../lib/gcc/avr/4.3.3/../../../../avr/lib/avr5\libc.a(tolower.o)
                              fat32.o (tolower)
c:/winavr-20100110/bin/../lib/gcc/avr/4.3.3/../../../../avr/lib/avr5\libc.a(strcasecmp.o)
                              dirent.o (strcasecmp)
c:/winavr-20100110/bin/../lib/gcc/avr/4.3.3/../../../../avr/lib/avr5\libc.a(strcpy.o)
                              fat32.o (strcpy)
c:/winavr-20100110/bin/../lib/gcc/avr/4.3.3/../../../../avr/lib/avr5\libc.a(fdevopen.o)
                              file.o (fdevopen)
c:/winavr-20100110/bin/../lib/gcc/avr/4.3.3/../../../../avr/lib/avr5\libc.a(fgetc.o)
                              main.o (fgetc)
c:/winavr-20100110/bin/../lib/gcc/avr/4.3.3/../../../../avr/lib/avr5\libc.a(fputs.o)
                              main.o (fputs)
c:/winavr-20100110/bin/../lib/gcc/avr/4.3.3/../../../../avr/lib/avr5\libc.a(iob.o)
                              main.o (__iob)
c:/winavr-20100110/bin/../lib/gcc/avr/4.3.3/../../../../avr/lib/avr5\libc.a(printf.o)
                              main.o (printf)
c:/winavr-20100110/bin/../lib/gcc/avr/4.3.3/../../../../avr/lib/avr5\libc.a(puts.o)
                              main.o (puts)
c:/winavr-20100110/bin/../lib/gcc/avr/4.3.3/../../../../avr/lib/avr5\libc.a(vfprintf_std.o)
                              c:/winavr-20100110/bin/../lib/gcc/avr/4.3.3/../../../../avr/lib/avr5\libc.a(printf.o) (vfprintf)
c:/winavr-20100110/bin/../lib/gcc/avr/4.3.3/../../../../avr/lib/avr5\libc.a(calloc.o)
                              c:/winavr-20100110/bin/../lib/gcc/avr/4.3.3/../../../../avr/lib/avr5\libc.a(fdevopen.o) (calloc)
c:/winavr-20100110/bin/../lib/gcc/avr/4.3.3/../../../../avr/lib/avr5\libc.a(cty_isfalse.o)
                              c:/winavr-20100110/bin/../lib/gcc/avr/4.3.3/../../../../avr/lib/avr5\libc.a(isprint.o) (__ctype_isfalse)
c:/winavr-20100110/bin/../lib/gcc/avr/4.3.3/../../../../avr/lib/avr5\libc.a(strnlen_P.o)
                              c:/winavr-20100110/bin/../lib/gcc/avr/4.3.3/../../../../avr/lib/avr5\libc.a(vfprintf_std.o) (strnlen_P)
c:/winavr-20100110/bin/../lib/gcc/avr/4.3.3/../../../../avr/lib/avr5\libc.a(memset.o)
                              c:/winavr-20100110/bin/../lib/gcc/avr/4.3.3/../../../../avr/lib/avr5\libc.a(calloc.o) (memset)
c:/winavr-20100110/bin/../lib/gcc/avr/4.3.3/../../../../avr/lib/avr5\libc.a(strnlen.o)
                              c:/winavr-20100110/bin/../lib/gcc/avr/4.3.3/../../../../avr/lib/avr5\libc.a(vfprintf_std.o) (strnlen)
c:/winavr-20100110/bin/../lib/gcc/avr/4.3.3/../../../../avr/lib/avr5\libc.a(fputc.o)
                              c:/winavr-20100110/bin/../lib/gcc/avr/4.3.3/../../../../avr/lib/avr5\libc.a(vfprintf_std.o) (fputc)
c:/winavr-20100110/bin/../lib/gcc/avr/4.3.3/../../../../avr/lib/avr5\libc.a(ultoa_invert.o)
                              c:/winavr-20100110/bin/../lib/gcc/avr/4.3.3/../../../../avr/lib/avr5\libc.a(vfprintf_std.o) (__ultoa_invert)
c:/winavr-20100110/bin/../lib/gcc/avr/4.3.3/avr5\libgcc.a(_prologue.o)
                              c:/winavr-20100110/bin/../lib/gcc/avr/4.3.3/../../../../avr/lib/avr5\libc.a(printf.o) (__prologue_saves__)
c:/winavr-20100110/bin/../lib/gcc/avr/4.3.3/avr5\libgcc.a(_epilogue.o)
                              c:/winavr-20100110/bin/../lib/gcc/avr/4.3.3/../../../../avr/lib/avr5\libc.a(fputs.o) (__epilogue_restores__)

Allocating common symbols
Common symbol       size              file

__brkval            0x2               c:/winavr-20100110/bin/../lib/gcc/avr/4.3.3/../../../../avr/lib/avr5\libc.a(malloc.o)
__flp               0x2               c:/winavr-20100110/bin/../lib/gcc/avr/4.3.3/../../../../avr/lib/avr5\libc.a(malloc.o)
__iob               0x6               c:/winavr-20100110/bin/../lib/gcc/avr/4.3.3/../../../../avr/lib/avr5\libc.a(iob.o)

Memory Configuration

Name             Origin             Length             Attributes
text             0x00000000         0x00020000         xr
data             0x00800060         0x0000ffa0         rw !x
eeprom           0x00810000         0x00010000         rw !x
fuse             0x00820000         0x00000400         rw !x
lock             0x00830000         0x00000400         rw !x
signature        0x00840000         0x00000400         rw !x
*default*        0x00000000         0xffffffff

Linker script and memory map

Address of section .data set to 0x800100
LOAD c:/winavr-20100110/bin/../lib/gcc/avr/4.3.3/../../../../avr/lib/avr5/crtm644p.o
LOAD dirent.o
LOAD errno.o
LOAD fat32.o
LOAD file.o
LOAD main.o
LOAD sd.o
LOAD dac.o
LOAD tft-cpp/ascii.o
LOAD tft-cpp/tft.o
LOAD common/colours.o
LOAD c:/winavr-20100110/bin/../lib/gcc/avr/4.3.3/avr5\libgcc.a
LOAD c:/winavr-20100110/bin/../lib/gcc/avr/4.3.3/../../../../avr/lib/avr5\libm.a
LOAD c:/winavr-20100110/bin/../lib/gcc/avr/4.3.3/avr5\libgcc.a
LOAD c:/winavr-20100110/bin/../lib/gcc/avr/4.3.3/../../../../avr/lib/avr5\libc.a
LOAD c:/winavr-20100110/bin/../lib/gcc/avr/4.3.3/avr5\libgcc.a

.hash
 *(.hash)

.dynsym
 *(.dynsym)

.dynstr
 *(.dynstr)

.gnu.version
 *(.gnu.version)

.gnu.version_d
 *(.gnu.version_d)

.gnu.version_r
 *(.gnu.version_r)

.rel.init
 *(.rel.init)

.rela.init
 *(.rela.init)

.rel.text
 *(.rel.text)
 *(.rel.text.*)
 *(.rel.gnu.linkonce.t*)

.rela.text
 *(.rela.text)
 *(.rela.text.*)
 *(.rela.gnu.linkonce.t*)

.rel.fini
 *(.rel.fini)

.rela.fini
 *(.rela.fini)

.rel.rodata
 *(.rel.rodata)
 *(.rel.rodata.*)
 *(.rel.gnu.linkonce.r*)

.rela.rodata
 *(.rela.rodata)
 *(.rela.rodata.*)
 *(.rela.gnu.linkonce.r*)

.rel.data
 *(.rel.data)
 *(.rel.data.*)
 *(.rel.gnu.linkonce.d*)

.rela.data
 *(.rela.data)
 *(.rela.data.*)
 *(.rela.gnu.linkonce.d*)

.rel.ctors
 *(.rel.ctors)

.rela.ctors
 *(.rela.ctors)

.rel.dtors
 *(.rel.dtors)

.rela.dtors
 *(.rela.dtors)

.rel.got
 *(.rel.got)

.rela.got
 *(.rela.got)

.rel.bss
 *(.rel.bss)

.rela.bss
 *(.rela.bss)

.rel.plt
 *(.rel.plt)

.rela.plt
 *(.rela.plt)

.text           0x00000000     0x3bc4
 *(.vectors)
 .vectors       0x00000000       0x7c c:/winavr-20100110/bin/../lib/gcc/avr/4.3.3/../../../../avr/lib/avr5/crtm644p.o
                0x00000000                __vectors
                0x00000000                __vector_default
 *(.vectors)
 *(.progmem.gcc*)
 *(.progmem*)
 .progmem.data  0x0000007c      0x318 tft-cpp/ascii.o
                0x0000007c                ascii_6x8
                0x00000394                . = ALIGN (0x2)
                0x00000394                __trampolines_start = .
 *(.trampolines)
 .trampolines   0x00000394        0x0 linker stubs
 *(.trampolines*)
                0x00000394                __trampolines_end = .
 *(.jumptables)
 *(.jumptables*)
 *(.lowtext)
 *(.lowtext*)
                0x00000394                __ctors_start = .
 *(.ctors)
 .ctors         0x00000394        0x2 main.o
                0x00000396                __ctors_end = .
                0x00000396                __dtors_start = .
 *(.dtors)
                0x00000396                __dtors_end = .
 SORT(*)(.ctors)
 SORT(*)(.dtors)
 *(.init0)
 .init0         0x00000396        0x0 c:/winavr-20100110/bin/../lib/gcc/avr/4.3.3/../../../../avr/lib/avr5/crtm644p.o
                0x00000396                __init
 *(.init0)
 *(.init1)
 *(.init1)
 *(.init2)
 .init2         0x00000396        0xc c:/winavr-20100110/bin/../lib/gcc/avr/4.3.3/../../../../avr/lib/avr5/crtm644p.o
 *(.init2)
 *(.init3)
 *(.init3)
 *(.init4)
 .init4         0x000003a2       0x16 c:/winavr-20100110/bin/../lib/gcc/avr/4.3.3/avr5\libgcc.a(_copy_data.o)
                0x000003a2                __do_copy_data
 .init4         0x000003b8       0x10 c:/winavr-20100110/bin/../lib/gcc/avr/4.3.3/avr5\libgcc.a(_clear_bss.o)
                0x000003b8                __do_clear_bss
 *(.init4)
 *(.init5)
 *(.init5)
 *(.init6)
 .init6         0x000003c8       0x16 c:/winavr-20100110/bin/../lib/gcc/avr/4.3.3/avr5\libgcc.a(_ctors.o)
                0x000003c8                __do_global_ctors
 *(.init6)
 *(.init7)
 *(.init7)
 *(.init8)
 *(.init8)
 *(.init9)
 .init9         0x000003de        0x8 c:/winavr-20100110/bin/../lib/gcc/avr/4.3.3/../../../../avr/lib/avr5/crtm644p.o
 *(.init9)
 *(.text)
 .text          0x000003e6        0x4 c:/winavr-20100110/bin/../lib/gcc/avr/4.3.3/../../../../avr/lib/avr5/crtm644p.o
                0x000003e6                __vector_22
                0x000003e6                __vector_28
                0x000003e6                __vector_1
                0x000003e6                __vector_24
                0x000003e6                __vector_12
                0x000003e6                __bad_interrupt
                0x000003e6                __vector_6
                0x000003e6                __vector_3
                0x000003e6                __vector_23
                0x000003e6                __vector_25
                0x000003e6                __vector_11
                0x000003e6                __vector_13
                0x000003e6                __vector_17
                0x000003e6                __vector_19
                0x000003e6                __vector_7
                0x000003e6                __vector_27
                0x000003e6                __vector_5
                0x000003e6                __vector_4
                0x000003e6                __vector_9
                0x000003e6                __vector_2
                0x000003e6                __vector_21
                0x000003e6                __vector_15
                0x000003e6                __vector_8
                0x000003e6                __vector_26
                0x000003e6                __vector_14
                0x000003e6                __vector_10
                0x000003e6                __vector_16
                0x000003e6                __vector_18
                0x000003e6                __vector_20
 .text          0x000003ea      0x350 dirent.o
                0x000004f8                op::opendir(char const*)
                0x00000456                op::rewinddir(dirstream*)
                0x00000412                op::readdir(dirstream*)
                0x00000472                op::closedir(dirstream*)
                0x000003ea                op::setfs(fs_t*)
 .text          0x0000073a        0x0 errno.o
 .text          0x0000073a      0xfa2 fat32.o
                0x0000074c                fs_t::readChar()
                0x00000dfe                fat32_t::activate(__file*)
                0x00000a5a                fat32_t::fat32_t(hw_t*, unsigned long)
                0x00000778                fat32_t::rootAddr() const
                0x00000a08                fat32_t::chainReadClose()
                0x00000754                fs_t::activate(__file*)
                0x00000770                fs_t::deactivate()
                0x0000075c                fs_t::activated(__file*)
                0x00000744                fs_t::readDirEntry(dirstream*, dirent*)
                0x0000073a                fs_t::rootAddr() const
                0x00000752                fs_t::readClose()
                0x00000c2c                fat32_t::fat32_t(hw_t*, unsigned long)
                0x00000a4e                fat32_t::deactivate()
                0x00000ebc                fat32_t::readFileInfo(char const*, file_t*)
                0x00001008                fat32_t::readDirEntry(dirstream*, dirent*)
                0x00000784                fat32_t::chainRead(unsigned long, unsigned long)
                0x00000a48                fat32_t::readClose()
                0x00000748                fs_t::readFileInfo(char const*, file_t*)
                0x000009e8                fat32_t::readChar()
 .text          0x000016dc      0x26e file.o
                0x0000184e                op::fopen(char const*, char const*)
                0x000016dc                op::fstruct(__file*)
                0x0000181c                op::fclose(__file*)
                0x00001730                op::fgetchar(__file*)
 .text          0x0000194a      0x478 main.o
                0x000019a4                main
                0x00001954                init()
 .text          0x00001dc2      0x628 sd.o
                0x00001e8a                hw_t::streamStop(bool)
                0x00001e8e                hw_t::nextByte()
                0x00001eae                hw_t::deactivate()
                0x00001e86                hw_t::streamStart(bool, unsigned long)
                0x000021b4                sdhw_t::readRegister(unsigned char)
                0x000020f8                sdhw_t::sdhw_t()
                0x00001e92                hw_t::activate(fs_t*)
                0x00002138                sdhw_t::sdhw_t()
                0x00001e9a                hw_t::activated(fs_t*)
                0x000022d6                sdhw_t::init()
                0x00001fd8                sdhw_t::streamStop(bool)
                0x00002240                sdhw_t::getSize()
                0x00001ee4                hw_t::nextBytes(unsigned char)
                0x00002054                sdhw_t::streamStart(bool, unsigned long)
                0x00001f5a                sdhw_t::free(unsigned char)
                0x00001f6c                sdhw_t::send(unsigned char, unsigned long, unsigned char)
                0x000020aa                sdhw_t::nextByte()
                0x0000203e                sdhw_t::cmd(unsigned char, unsigned long, unsigned char)
                0x00002178                sdhw_t::detect()
                0x00001eb6                hw_t::skipBytes(unsigned int)
 .text          0x000023ea       0xc2 dac.o
                0x0000241c                set_dac
                0x0000246a                __vector_30
                0x00002432                __vector_29
                0x000023ea                init_dac
 .text          0x000024ac        0x0 tft-cpp/ascii.o
 .text          0x000024ac      0xa78 tft-cpp/tft.o
                0x000025b8                tft::setFont(unsigned char, unsigned char)
                0x0000276e                tft::line(unsigned int, unsigned int, unsigned int, unsigned int, unsigned int)
                0x00002bb4                tft::drawImage2(unsigned char const*, unsigned int, unsigned int, unsigned int, unsigned int, bool)
                0x00002c62                tft::drawImage2Aligned(unsigned char const*, unsigned int, unsigned int, unsigned int, unsigned int, bool)
                0x000026c6                tft::frame(unsigned int, unsigned int, unsigned int, unsigned int, unsigned char, unsigned int)
                0x00002d76                tft::newline()
                0x00002932                tft::setOrient(unsigned char)
                0x00002d10                tft::fill(unsigned int)
                0x00002ab0                tft::drawChar(char)
                0x000025f8                tft::rectangle(unsigned int, unsigned int, unsigned int, unsigned int, unsigned int)
                0x00002efa                tft::devout()
                0x00002978                tft::init()
                0x00002ed0                tft::putString(char const*, bool)
 .text          0x00002f24      0x194 common/colours.o
                0x00002f24                colour_hsv_to_rgb
 .text          0x000030b8        0x0 c:/winavr-20100110/bin/../lib/gcc/avr/4.3.3/avr5\libgcc.a(_mulsi3.o)
 .text          0x000030b8        0x0 c:/winavr-20100110/bin/../lib/gcc/avr/4.3.3/avr5\libgcc.a(_udivmodqi4.o)
 .text          0x000030b8        0x0 c:/winavr-20100110/bin/../lib/gcc/avr/4.3.3/avr5\libgcc.a(_udivmodhi4.o)
 .text          0x000030b8        0x0 c:/winavr-20100110/bin/../lib/gcc/avr/4.3.3/avr5\libgcc.a(_divmodhi4.o)
 .text          0x000030b8        0x0 c:/winavr-20100110/bin/../lib/gcc/avr/4.3.3/avr5\libgcc.a(_udivmodsi4.o)
 .text          0x000030b8        0x0 c:/winavr-20100110/bin/../lib/gcc/avr/4.3.3/avr5\libgcc.a(_exit.o)
 .text          0x000030b8        0x0 c:/winavr-20100110/bin/../lib/gcc/avr/4.3.3/avr5\libgcc.a(_copy_data.o)
 .text          0x000030b8        0x0 c:/winavr-20100110/bin/../lib/gcc/avr/4.3.3/avr5\libgcc.a(_clear_bss.o)
 .text          0x000030b8        0x0 c:/winavr-20100110/bin/../lib/gcc/avr/4.3.3/avr5\libgcc.a(_ctors.o)
 .text          0x000030b8        0x0 c:/winavr-20100110/bin/../lib/gcc/avr/4.3.3/avr5\libgcc.a(_tablejump.o)
 .text          0x000030b8        0x0 c:/winavr-20100110/bin/../lib/gcc/avr/4.3.3/../../../../avr/lib/avr5\libc.a(malloc.o)
 .text          0x000030b8        0x0 c:/winavr-20100110/bin/../lib/gcc/avr/4.3.3/../../../../avr/lib/avr5\libc.a(isprint.o)
 .text          0x000030b8        0x0 c:/winavr-20100110/bin/../lib/gcc/avr/4.3.3/../../../../avr/lib/avr5\libc.a(tolower.o)
 .text          0x000030b8        0x0 c:/winavr-20100110/bin/../lib/gcc/avr/4.3.3/../../../../avr/lib/avr5\libc.a(strcasecmp.o)
 .text          0x000030b8        0x0 c:/winavr-20100110/bin/../lib/gcc/avr/4.3.3/../../../../avr/lib/avr5\libc.a(strcpy.o)
 .text          0x000030b8        0x0 c:/winavr-20100110/bin/../lib/gcc/avr/4.3.3/../../../../avr/lib/avr5\libc.a(fdevopen.o)
 .text          0x000030b8        0x0 c:/winavr-20100110/bin/../lib/gcc/avr/4.3.3/../../../../avr/lib/avr5\libc.a(fgetc.o)
 .text          0x000030b8        0x0 c:/winavr-20100110/bin/../lib/gcc/avr/4.3.3/../../../../avr/lib/avr5\libc.a(fputs.o)
 .text          0x000030b8        0x0 c:/winavr-20100110/bin/../lib/gcc/avr/4.3.3/../../../../avr/lib/avr5\libc.a(iob.o)
 .text          0x000030b8        0x0 c:/winavr-20100110/bin/../lib/gcc/avr/4.3.3/../../../../avr/lib/avr5\libc.a(printf.o)
 .text          0x000030b8        0x0 c:/winavr-20100110/bin/../lib/gcc/avr/4.3.3/../../../../avr/lib/avr5\libc.a(puts.o)
 .text          0x000030b8        0x0 c:/winavr-20100110/bin/../lib/gcc/avr/4.3.3/../../../../avr/lib/avr5\libc.a(vfprintf_std.o)
 .text          0x000030b8        0x0 c:/winavr-20100110/bin/../lib/gcc/avr/4.3.3/../../../../avr/lib/avr5\libc.a(calloc.o)
 .text          0x000030b8        0x0 c:/winavr-20100110/bin/../lib/gcc/avr/4.3.3/../../../../avr/lib/avr5\libc.a(cty_isfalse.o)
 .text          0x000030b8        0x0 c:/winavr-20100110/bin/../lib/gcc/avr/4.3.3/../../../../avr/lib/avr5\libc.a(strnlen_P.o)
 .text          0x000030b8        0x0 c:/winavr-20100110/bin/../lib/gcc/avr/4.3.3/../../../../avr/lib/avr5\libc.a(memset.o)
 .text          0x000030b8        0x0 c:/winavr-20100110/bin/../lib/gcc/avr/4.3.3/../../../../avr/lib/avr5\libc.a(strnlen.o)
 .text          0x000030b8        0x0 c:/winavr-20100110/bin/../lib/gcc/avr/4.3.3/../../../../avr/lib/avr5\libc.a(fputc.o)
 .text          0x000030b8        0x0 c:/winavr-20100110/bin/../lib/gcc/avr/4.3.3/../../../../avr/lib/avr5\libc.a(ultoa_invert.o)
 .text          0x000030b8        0x0 c:/winavr-20100110/bin/../lib/gcc/avr/4.3.3/avr5\libgcc.a(_prologue.o)
 .text          0x000030b8        0x0 c:/winavr-20100110/bin/../lib/gcc/avr/4.3.3/avr5\libgcc.a(_epilogue.o)
                0x000030b8                . = ALIGN (0x2)
 *(.text.*)
 .text.libgcc   0x000030b8       0x3e c:/winavr-20100110/bin/../lib/gcc/avr/4.3.3/avr5\libgcc.a(_mulsi3.o)
                0x000030b8                __mulsi3
 .text.libgcc   0x000030f6       0x18 c:/winavr-20100110/bin/../lib/gcc/avr/4.3.3/avr5\libgcc.a(_udivmodqi4.o)
                0x000030f6                __udivmodqi4
 .text.libgcc   0x0000310e       0x28 c:/winavr-20100110/bin/../lib/gcc/avr/4.3.3/avr5\libgcc.a(_udivmodhi4.o)
                0x0000310e                __udivmodhi4
 .text.libgcc   0x00003136       0x26 c:/winavr-20100110/bin/../lib/gcc/avr/4.3.3/avr5\libgcc.a(_divmodhi4.o)
                0x00003136                __divmodhi4
                0x00003136                _div
 .text.libgcc   0x0000315c       0x44 c:/winavr-20100110/bin/../lib/gcc/avr/4.3.3/avr5\libgcc.a(_udivmodsi4.o)
                0x0000315c                __udivmodsi4
 .text.libgcc   0x000031a0        0x0 c:/winavr-20100110/bin/../lib/gcc/avr/4.3.3/avr5\libgcc.a(_exit.o)
 .text.libgcc   0x000031a0        0x0 c:/winavr-20100110/bin/../lib/gcc/avr/4.3.3/avr5\libgcc.a(_copy_data.o)
 .text.libgcc   0x000031a0        0x0 c:/winavr-20100110/bin/../lib/gcc/avr/4.3.3/avr5\libgcc.a(_clear_bss.o)
 .text.libgcc   0x000031a0        0x0 c:/winavr-20100110/bin/../lib/gcc/avr/4.3.3/avr5\libgcc.a(_ctors.o)
 .text.libgcc   0x000031a0        0xc c:/winavr-20100110/bin/../lib/gcc/avr/4.3.3/avr5\libgcc.a(_tablejump.o)
                0x000031a4                __tablejump__
                0x000031a0                __tablejump2__
 .text.avr-libc
                0x000031ac      0x20a c:/winavr-20100110/bin/../lib/gcc/avr/4.3.3/../../../../avr/lib/avr5\libc.a(malloc.o)
                0x000031ac                malloc
                0x00003306                free
 .text.avr-libc
                0x000033b6       0x10 c:/winavr-20100110/bin/../lib/gcc/avr/4.3.3/../../../../avr/lib/avr5\libc.a(isprint.o)
                0x000033b6                isgraph
                0x000033ba                isprint
 .text.avr-libc
                0x000033c6       0x10 c:/winavr-20100110/bin/../lib/gcc/avr/4.3.3/../../../../avr/lib/avr5\libc.a(tolower.o)
                0x000033c6                tolower
 .text.avr-libc
                0x000033d6       0x26 c:/winavr-20100110/bin/../lib/gcc/avr/4.3.3/../../../../avr/lib/avr5\libc.a(strcasecmp.o)
                0x000033d6                strcasecmp
 .text.avr-libc
                0x000033fc        0xe c:/winavr-20100110/bin/../lib/gcc/avr/4.3.3/../../../../avr/lib/avr5\libc.a(strcpy.o)
                0x000033fc                strcpy
 .text.avr-libc
                0x0000340a       0x98 c:/winavr-20100110/bin/../lib/gcc/avr/4.3.3/../../../../avr/lib/avr5\libc.a(fdevopen.o)
                0x0000340a                fdevopen
 .text.avr-libc
                0x000034a2       0x84 c:/winavr-20100110/bin/../lib/gcc/avr/4.3.3/../../../../avr/lib/avr5\libc.a(fgetc.o)
                0x000034a2                fgetc
 .text.avr-libc
                0x00003526       0x52 c:/winavr-20100110/bin/../lib/gcc/avr/4.3.3/../../../../avr/lib/avr5\libc.a(fputs.o)
                0x00003526                fputs
 .text.avr-libc
                0x00003578       0x2a c:/winavr-20100110/bin/../lib/gcc/avr/4.3.3/../../../../avr/lib/avr5\libc.a(printf.o)
                0x00003578                printf
 .text.avr-libc
                0x000035a2       0x6a c:/winavr-20100110/bin/../lib/gcc/avr/4.3.3/../../../../avr/lib/avr5\libc.a(puts.o)
                0x000035a2                puts
 .text.avr-libc
                0x0000360c      0x3ba c:/winavr-20100110/bin/../lib/gcc/avr/4.3.3/../../../../avr/lib/avr5\libc.a(vfprintf_std.o)
                0x0000360c                vfprintf
 .text.avr-libc
                0x000039c6       0x38 c:/winavr-20100110/bin/../lib/gcc/avr/4.3.3/../../../../avr/lib/avr5\libc.a(calloc.o)
                0x000039c6                calloc
 .text.avr-libc
                0x000039fe        0x6 c:/winavr-20100110/bin/../lib/gcc/avr/4.3.3/../../../../avr/lib/avr5\libc.a(cty_isfalse.o)
                0x00003a02                __ctype_istrue
                0x000039fe                __ctype_isfalse
 .text.avr-libc
                0x00003a04       0x16 c:/winavr-20100110/bin/../lib/gcc/avr/4.3.3/../../../../avr/lib/avr5\libc.a(strnlen_P.o)
                0x00003a04                strnlen_P
 .text.avr-libc
                0x00003a1a        0xe c:/winavr-20100110/bin/../lib/gcc/avr/4.3.3/../../../../avr/lib/avr5\libc.a(memset.o)
                0x00003a1a                memset
 .text.avr-libc
                0x00003a28       0x16 c:/winavr-20100110/bin/../lib/gcc/avr/4.3.3/../../../../avr/lib/avr5\libc.a(strnlen.o)
                0x00003a28                strnlen
 .text.avr-libc
                0x00003a3e       0x58 c:/winavr-20100110/bin/../lib/gcc/avr/4.3.3/../../../../avr/lib/avr5\libc.a(fputc.o)
                0x00003a3e                fputc
 .text.avr-libc
                0x00003a96       0xbc c:/winavr-20100110/bin/../lib/gcc/avr/4.3.3/../../../../avr/lib/avr5\libc.a(ultoa_invert.o)
                0x00003a96                __ultoa_invert
 .text.libgcc   0x00003b52       0x38 c:/winavr-20100110/bin/../lib/gcc/avr/4.3.3/avr5\libgcc.a(_prologue.o)
                0x00003b52                __prologue_saves__
 .text.libgcc   0x00003b8a       0x36 c:/winavr-20100110/bin/../lib/gcc/avr/4.3.3/avr5\libgcc.a(_epilogue.o)
                0x00003b8a                __epilogue_restores__
                0x00003bc0                . = ALIGN (0x2)
 *(.fini9)
 .fini9         0x00003bc0        0x0 c:/winavr-20100110/bin/../lib/gcc/avr/4.3.3/avr5\libgcc.a(_exit.o)
                0x00003bc0                exit
                0x00003bc0                _exit
 *(.fini9)
 *(.fini8)
 *(.fini8)
 *(.fini7)
 *(.fini7)
 *(.fini6)
 *(.fini6)
 *(.fini5)
 *(.fini5)
 *(.fini4)
 *(.fini4)
 *(.fini3)
 *(.fini3)
 *(.fini2)
 *(.fini2)
 *(.fini1)
 *(.fini1)
 *(.fini0)
 .fini0         0x00003bc0        0x4 c:/winavr-20100110/bin/../lib/gcc/avr/4.3.3/avr5\libgcc.a(_exit.o)
 *(.fini0)
                0x00003bc4                _etext = .

.data           0x00800100      0x200 load address 0x00003bc4
                0x00800100                PROVIDE (__data_start, .)
 *(.data)
 .data          0x00800100        0x0 c:/winavr-20100110/bin/../lib/gcc/avr/4.3.3/../../../../avr/lib/avr5/crtm644p.o
 .data          0x00800100        0x0 dirent.o
 .data          0x00800100        0x0 errno.o
 .data          0x00800100       0x29 fat32.o
                0x00800115                vtable for fs_t
                0x00800101                vtable for fat32_t
 .data          0x00800129        0x0 file.o
 .data          0x00800129      0x19e main.o
 .data          0x008002c7       0x28 sd.o
                0x008002db                vtable for hw_t
                0x008002c7                vtable for sdhw_t
 .data          0x008002ef        0x0 dac.o
 .data          0x008002ef        0x8 tft-cpp/ascii.o
                0x008002ef                fonts
 .data          0x008002f7        0x2 tft-cpp/tft.o
                0x008002f7                tft::font
 .data          0x008002f9        0x0 common/colours.o
 .data          0x008002f9        0x0 c:/winavr-20100110/bin/../lib/gcc/avr/4.3.3/avr5\libgcc.a(_mulsi3.o)
 .data          0x008002f9        0x0 c:/winavr-20100110/bin/../lib/gcc/avr/4.3.3/avr5\libgcc.a(_udivmodqi4.o)
 .data          0x008002f9        0x0 c:/winavr-20100110/bin/../lib/gcc/avr/4.3.3/avr5\libgcc.a(_udivmodhi4.o)
 .data          0x008002f9        0x0 c:/winavr-20100110/bin/../lib/gcc/avr/4.3.3/avr5\libgcc.a(_divmodhi4.o)
 .data          0x008002f9        0x0 c:/winavr-20100110/bin/../lib/gcc/avr/4.3.3/avr5\libgcc.a(_udivmodsi4.o)
 .data          0x008002f9        0x0 c:/winavr-20100110/bin/../lib/gcc/avr/4.3.3/avr5\libgcc.a(_exit.o)
 .data          0x008002f9        0x0 c:/winavr-20100110/bin/../lib/gcc/avr/4.3.3/avr5\libgcc.a(_copy_data.o)
 .data          0x008002f9        0x0 c:/winavr-20100110/bin/../lib/gcc/avr/4.3.3/avr5\libgcc.a(_clear_bss.o)
 .data          0x008002f9        0x0 c:/winavr-20100110/bin/../lib/gcc/avr/4.3.3/avr5\libgcc.a(_ctors.o)
 .data          0x008002f9        0x0 c:/winavr-20100110/bin/../lib/gcc/avr/4.3.3/avr5\libgcc.a(_tablejump.o)
 .data          0x008002f9        0x6 c:/winavr-20100110/bin/../lib/gcc/avr/4.3.3/../../../../avr/lib/avr5\libc.a(malloc.o)
                0x008002fb                __malloc_heap_start
                0x008002fd                __malloc_heap_end
                0x008002f9                __malloc_margin
 .data          0x008002ff        0x0 c:/winavr-20100110/bin/../lib/gcc/avr/4.3.3/../../../../avr/lib/avr5\libc.a(isprint.o)
 .data          0x008002ff        0x0 c:/winavr-20100110/bin/../lib/gcc/avr/4.3.3/../../../../avr/lib/avr5\libc.a(tolower.o)
 .data          0x008002ff        0x0 c:/winavr-20100110/bin/../lib/gcc/avr/4.3.3/../../../../avr/lib/avr5\libc.a(strcasecmp.o)
 .data          0x008002ff        0x0 c:/winavr-20100110/bin/../lib/gcc/avr/4.3.3/../../../../avr/lib/avr5\libc.a(strcpy.o)
 .data          0x008002ff        0x0 c:/winavr-20100110/bin/../lib/gcc/avr/4.3.3/../../../../avr/lib/avr5\libc.a(fdevopen.o)
 .data          0x008002ff        0x0 c:/winavr-20100110/bin/../lib/gcc/avr/4.3.3/../../../../avr/lib/avr5\libc.a(fgetc.o)
 .data          0x008002ff        0x0 c:/winavr-20100110/bin/../lib/gcc/avr/4.3.3/../../../../avr/lib/avr5\libc.a(fputs.o)
 .data          0x008002ff        0x0 c:/winavr-20100110/bin/../lib/gcc/avr/4.3.3/../../../../avr/lib/avr5\libc.a(iob.o)
 .data          0x008002ff        0x0 c:/winavr-20100110/bin/../lib/gcc/avr/4.3.3/../../../../avr/lib/avr5\libc.a(printf.o)
 .data          0x008002ff        0x0 c:/winavr-20100110/bin/../lib/gcc/avr/4.3.3/../../../../avr/lib/avr5\libc.a(puts.o)
 .data          0x008002ff        0x0 c:/winavr-20100110/bin/../lib/gcc/avr/4.3.3/../../../../avr/lib/avr5\libc.a(vfprintf_std.o)
 .data          0x008002ff        0x0 c:/winavr-20100110/bin/../lib/gcc/avr/4.3.3/../../../../avr/lib/avr5\libc.a(calloc.o)
 .data          0x008002ff        0x0 c:/winavr-20100110/bin/../lib/gcc/avr/4.3.3/../../../../avr/lib/avr5\libc.a(cty_isfalse.o)
 .data          0x008002ff        0x0 c:/winavr-20100110/bin/../lib/gcc/avr/4.3.3/../../../../avr/lib/avr5\libc.a(strnlen_P.o)
 .data          0x008002ff        0x0 c:/winavr-20100110/bin/../lib/gcc/avr/4.3.3/../../../../avr/lib/avr5\libc.a(memset.o)
 .data          0x008002ff        0x0 c:/winavr-20100110/bin/../lib/gcc/avr/4.3.3/../../../../avr/lib/avr5\libc.a(strnlen.o)
 .data          0x008002ff        0x0 c:/winavr-20100110/bin/../lib/gcc/avr/4.3.3/../../../../avr/lib/avr5\libc.a(fputc.o)
 .data          0x008002ff        0x0 c:/winavr-20100110/bin/../lib/gcc/avr/4.3.3/../../../../avr/lib/avr5\libc.a(ultoa_invert.o)
 .data          0x008002ff        0x0 c:/winavr-20100110/bin/../lib/gcc/avr/4.3.3/avr5\libgcc.a(_prologue.o)
 .data          0x008002ff        0x0 c:/winavr-20100110/bin/../lib/gcc/avr/4.3.3/avr5\libgcc.a(_epilogue.o)
 *(.data*)
 *(.rodata)
 *(.rodata*)
 *(.gnu.linkonce.d*)
                0x00800300                . = ALIGN (0x2)
 *fill*         0x008002ff        0x1 00
                0x00800300                _edata = .
                0x00800300                PROVIDE (__data_end, .)

.bss            0x00800300       0x40
                0x00800300                PROVIDE (__bss_start, .)
 *(.bss)
 .bss           0x00800300        0x0 c:/winavr-20100110/bin/../lib/gcc/avr/4.3.3/../../../../avr/lib/avr5/crtm644p.o
 .bss           0x00800300        0xf dirent.o
                0x00800308                op::__current_dir__
                0x00800300                op::__dirent__
                0x0080030c                op::__allocated_dir__
                0x0080030d                op::fs
                0x00800304                op::__dir__
 .bss           0x0080030f        0x1 errno.o
                0x0080030f                errno
 .bss           0x00800310        0x0 fat32.o
 .bss           0x00800310        0x7 file.o
                0x00800316                op::__allocated_file__
                0x00800310                op::__file__
 .bss           0x00800317        0xb main.o
                0x00800317                sd
 .bss           0x00800322        0x0 sd.o
 .bss           0x00800322        0x2 dac.o
 .bss           0x00800324        0x0 tft-cpp/ascii.o
 .bss           0x00800324       0x12 tft-cpp/tft.o
                0x00800327                tft::x
                0x00800331                tft::background
                0x00800329                tft::y
                0x00800325                tft::orient
                0x00800326                tft::tabSize
                0x00800324                tft::zoom
                0x0080032b                tft::width
                0x0080032f                tft::foreground
                0x0080032d                tft::height
 .bss           0x00800336        0x0 common/colours.o
 .bss           0x00800336        0x0 c:/winavr-20100110/bin/../lib/gcc/avr/4.3.3/avr5\libgcc.a(_mulsi3.o)
 .bss           0x00800336        0x0 c:/winavr-20100110/bin/../lib/gcc/avr/4.3.3/avr5\libgcc.a(_udivmodqi4.o)
 .bss           0x00800336        0x0 c:/winavr-20100110/bin/../lib/gcc/avr/4.3.3/avr5\libgcc.a(_udivmodhi4.o)
 .bss           0x00800336        0x0 c:/winavr-20100110/bin/../lib/gcc/avr/4.3.3/avr5\libgcc.a(_divmodhi4.o)
 .bss           0x00800336        0x0 c:/winavr-20100110/bin/../lib/gcc/avr/4.3.3/avr5\libgcc.a(_udivmodsi4.o)
 .bss           0x00800336        0x0 c:/winavr-20100110/bin/../lib/gcc/avr/4.3.3/avr5\libgcc.a(_exit.o)
 .bss           0x00800336        0x0 c:/winavr-20100110/bin/../lib/gcc/avr/4.3.3/avr5\libgcc.a(_copy_data.o)
 .bss           0x00800336        0x0 c:/winavr-20100110/bin/../lib/gcc/avr/4.3.3/avr5\libgcc.a(_clear_bss.o)
 .bss           0x00800336        0x0 c:/winavr-20100110/bin/../lib/gcc/avr/4.3.3/avr5\libgcc.a(_ctors.o)
 .bss           0x00800336        0x0 c:/winavr-20100110/bin/../lib/gcc/avr/4.3.3/avr5\libgcc.a(_tablejump.o)
 .bss           0x00800336        0x0 c:/winavr-20100110/bin/../lib/gcc/avr/4.3.3/../../../../avr/lib/avr5\libc.a(malloc.o)
 .bss           0x00800336        0x0 c:/winavr-20100110/bin/../lib/gcc/avr/4.3.3/../../../../avr/lib/avr5\libc.a(isprint.o)
 .bss           0x00800336        0x0 c:/winavr-20100110/bin/../lib/gcc/avr/4.3.3/../../../../avr/lib/avr5\libc.a(tolower.o)
 .bss           0x00800336        0x0 c:/winavr-20100110/bin/../lib/gcc/avr/4.3.3/../../../../avr/lib/avr5\libc.a(strcasecmp.o)
 .bss           0x00800336        0x0 c:/winavr-20100110/bin/../lib/gcc/avr/4.3.3/../../../../avr/lib/avr5\libc.a(strcpy.o)
 .bss           0x00800336        0x0 c:/winavr-20100110/bin/../lib/gcc/avr/4.3.3/../../../../avr/lib/avr5\libc.a(fdevopen.o)
 .bss           0x00800336        0x0 c:/winavr-20100110/bin/../lib/gcc/avr/4.3.3/../../../../avr/lib/avr5\libc.a(fgetc.o)
 .bss           0x00800336        0x0 c:/winavr-20100110/bin/../lib/gcc/avr/4.3.3/../../../../avr/lib/avr5\libc.a(fputs.o)
 .bss           0x00800336        0x0 c:/winavr-20100110/bin/../lib/gcc/avr/4.3.3/../../../../avr/lib/avr5\libc.a(iob.o)
 .bss           0x00800336        0x0 c:/winavr-20100110/bin/../lib/gcc/avr/4.3.3/../../../../avr/lib/avr5\libc.a(printf.o)
 .bss           0x00800336        0x0 c:/winavr-20100110/bin/../lib/gcc/avr/4.3.3/../../../../avr/lib/avr5\libc.a(puts.o)
 .bss           0x00800336        0x0 c:/winavr-20100110/bin/../lib/gcc/avr/4.3.3/../../../../avr/lib/avr5\libc.a(vfprintf_std.o)
 .bss           0x00800336        0x0 c:/winavr-20100110/bin/../lib/gcc/avr/4.3.3/../../../../avr/lib/avr5\libc.a(calloc.o)
 .bss           0x00800336        0x0 c:/winavr-20100110/bin/../lib/gcc/avr/4.3.3/../../../../avr/lib/avr5\libc.a(cty_isfalse.o)
 .bss           0x00800336        0x0 c:/winavr-20100110/bin/../lib/gcc/avr/4.3.3/../../../../avr/lib/avr5\libc.a(strnlen_P.o)
 .bss           0x00800336        0x0 c:/winavr-20100110/bin/../lib/gcc/avr/4.3.3/../../../../avr/lib/avr5\libc.a(memset.o)
 .bss           0x00800336        0x0 c:/winavr-20100110/bin/../lib/gcc/avr/4.3.3/../../../../avr/lib/avr5\libc.a(strnlen.o)
 .bss           0x00800336        0x0 c:/winavr-20100110/bin/../lib/gcc/avr/4.3.3/../../../../avr/lib/avr5\libc.a(fputc.o)
 .bss           0x00800336        0x0 c:/winavr-20100110/bin/../lib/gcc/avr/4.3.3/../../../../avr/lib/avr5\libc.a(ultoa_invert.o)
 .bss           0x00800336        0x0 c:/winavr-20100110/bin/../lib/gcc/avr/4.3.3/avr5\libgcc.a(_prologue.o)
 .bss           0x00800336        0x0 c:/winavr-20100110/bin/../lib/gcc/avr/4.3.3/avr5\libgcc.a(_epilogue.o)
 *(.bss*)
 *(COMMON)
 COMMON         0x00800336        0x4 c:/winavr-20100110/bin/../lib/gcc/avr/4.3.3/../../../../avr/lib/avr5\libc.a(malloc.o)
                0x00800336                __brkval
                0x00800338                __flp
 COMMON         0x0080033a        0x6 c:/winavr-20100110/bin/../lib/gcc/avr/4.3.3/../../../../avr/lib/avr5\libc.a(iob.o)
                0x0080033a                __iob
                0x00800340                PROVIDE (__bss_end, .)
                0x00003bc4                __data_load_start = LOADADDR (.data)
                0x00003dc4                __data_load_end = (__data_load_start + SIZEOF (.data))

.noinit         0x00800340        0x0
                0x00800340                PROVIDE (__noinit_start, .)
 *(.noinit*)
                0x00800340                PROVIDE (__noinit_end, .)
                0x00800340                _end = .
                0x00800340                PROVIDE (__heap_start, .)

.eeprom         0x00810000        0x0
 *(.eeprom*)
                0x00810000                __eeprom_end = .

.fuse
 *(.fuse)
 *(.lfuse)
 *(.hfuse)
 *(.efuse)

.lock
 *(.lock*)

.signature
 *(.signature*)

.stab
 *(.stab)

.stabstr
 *(.stabstr)

.stab.excl
 *(.stab.excl)

.stab.exclstr
 *(.stab.exclstr)

.stab.index
 *(.stab.index)

.stab.indexstr
 *(.stab.indexstr)

.comment
 *(.comment)

.debug
 *(.debug)

.line
 *(.line)

.debug_srcinfo
 *(.debug_srcinfo)

.debug_sfnames
 *(.debug_sfnames)

.debug_aranges  0x00000000      0x100
 *(.debug_aranges)
 .debug_aranges
                0x00000000       0x20 dirent.o
 .debug_aranges
                0x00000020       0x20 fat32.o
 .debug_aranges
                0x00000040       0x20 file.o
 .debug_aranges
                0x00000060       0x20 main.o
 .debug_aranges
                0x00000080       0x20 sd.o
 .debug_aranges
                0x000000a0       0x20 dac.o
 .debug_aranges
                0x000000c0       0x20 tft-cpp/tft.o
 .debug_aranges
                0x000000e0       0x20 common/colours.o

.debug_pubnames
                0x00000000      0x65a
 *(.debug_pubnames)
 .debug_pubnames
                0x00000000       0x9b dirent.o
 .debug_pubnames
                0x0000009b       0x1c errno.o
 .debug_pubnames
                0x000000b7      0x1b8 fat32.o
 .debug_pubnames
                0x0000026f       0x64 file.o
 .debug_pubnames
                0x000002d3       0x2b main.o
 .debug_pubnames
                0x000002fe      0x1a1 sd.o
 .debug_pubnames
                0x0000049f       0x4b dac.o
 .debug_pubnames
                0x000004ea       0x2a tft-cpp/ascii.o
 .debug_pubnames
                0x00000514      0x11e tft-cpp/tft.o
 .debug_pubnames
                0x00000632       0x28 common/colours.o

.debug_info     0x00000000     0x59ae
 *(.debug_info)
 .debug_info    0x00000000      0x6b9 dirent.o
 .debug_info    0x000006b9       0x7b errno.o
 .debug_info    0x00000734      0xf58 fat32.o
 .debug_info    0x0000168c      0x673 file.o
 .debug_info    0x00001cff      0xfd1 main.o
 .debug_info    0x00002cd0     0x1631 sd.o
 .debug_info    0x00004301       0xf4 dac.o
 .debug_info    0x000043f5      0x121 tft-cpp/ascii.o
 .debug_info    0x00004516     0x1371 tft-cpp/tft.o
 .debug_info    0x00005887      0x127 common/colours.o
 *(.gnu.linkonce.wi.*)

.debug_abbrev   0x00000000     0x17e3
 *(.debug_abbrev)
 .debug_abbrev  0x00000000      0x2cf dirent.o
 .debug_abbrev  0x000002cf       0x48 errno.o
 .debug_abbrev  0x00000317      0x384 fat32.o
 .debug_abbrev  0x0000069b      0x29e file.o
 .debug_abbrev  0x00000939      0x480 main.o
 .debug_abbrev  0x00000db9      0x4a3 sd.o
 .debug_abbrev  0x0000125c       0x88 dac.o
 .debug_abbrev  0x000012e4       0x9c tft-cpp/ascii.o
 .debug_abbrev  0x00001380      0x3db tft-cpp/tft.o
 .debug_abbrev  0x0000175b       0x88 common/colours.o

.debug_line     0x00000000     0x2803
 *(.debug_line)
 .debug_line    0x00000000      0x2b3 dirent.o
 .debug_line    0x000002b3       0x84 errno.o
 .debug_line    0x00000337      0x80b fat32.o
 .debug_line    0x00000b42      0x225 file.o
 .debug_line    0x00000d67      0x49d main.o
 .debug_line    0x00001204      0x91b sd.o
 .debug_line    0x00001b1f      0x168 dac.o
 .debug_line    0x00001c87       0x5c tft-cpp/ascii.o
 .debug_line    0x00001ce3      0xa0d tft-cpp/tft.o
 .debug_line    0x000026f0      0x113 common/colours.o

.debug_frame    0x00000000      0x580
 *(.debug_frame)
 .debug_frame   0x00000000       0x60 dirent.o
 .debug_frame   0x00000060      0x150 fat32.o
 .debug_frame   0x000001b0       0x60 file.o
 .debug_frame   0x00000210       0x40 main.o
 .debug_frame   0x00000250      0x170 sd.o
 .debug_frame   0x000003c0       0x50 dac.o
 .debug_frame   0x00000410      0x150 tft-cpp/tft.o
 .debug_frame   0x00000560       0x20 common/colours.o

.debug_str      0x00000000      0xf23
 *(.debug_str)
 .debug_str     0x00000000      0x361 dirent.o
                                0x3dd (size before relaxing)
 .debug_str     0x00000361        0xa errno.o
                                 0xd1 (size before relaxing)
 .debug_str     0x0000036b      0x2dc fat32.o
                                0x590 (size before relaxing)
 .debug_str     0x00000647       0xd7 file.o
                                0x383 (size before relaxing)
 .debug_str     0x0000071e      0x2cd main.o
                                0x6a3 (size before relaxing)
 .debug_str     0x000009eb      0x270 sd.o
                                0x690 (size before relaxing)
 .debug_str     0x00000c5b       0x52 dac.o
                                0x10a (size before relaxing)
 .debug_str     0x00000cad       0x20 tft-cpp/ascii.o
                                 0xfc (size before relaxing)
 .debug_str     0x00000ccd      0x226 tft-cpp/tft.o
                                0x4bb (size before relaxing)
 .debug_str     0x00000ef3       0x30 common/colours.o
                                 0xf8 (size before relaxing)

.debug_loc      0x00000000     0x20f4
 *(.debug_loc)
 .debug_loc     0x00000000      0x215 dirent.o
 .debug_loc     0x00000215      0x778 fat32.o
 .debug_loc     0x0000098d      0x1e1 file.o
 .debug_loc     0x00000b6e       0xde main.o
 .debug_loc     0x00000c4c      0x523 sd.o
 .debug_loc     0x0000116f       0x13 dac.o
 .debug_loc     0x00001182      0xd1b tft-cpp/tft.o
 .debug_loc     0x00001e9d      0x257 common/colours.o

.debug_macinfo
 *(.debug_macinfo)
OUTPUT(SDCard.elf elf32-avr)
LOAD linker stubs

.debug_ranges   0x00000000      0x1e8
 .debug_ranges  0x00000000       0x58 dirent.o
 .debug_ranges  0x00000058       0x98 fat32.o
 .debug_ranges  0x000000f0       0x20 file.o
 .debug_ranges  0x00000110       0x90 main.o
 .debug_ranges  0x000001a0       0x48 sd.o
